Microchip MPLAB XC8 Compiler V3.10

Linker command line:

-W-3 \
  --edf=C:\Program Files\Microchip\xc8\v3.10\pic\dat\20250813170317_en.msgs \
  -cn -h+dist/default/production\pic-conveyor.X.production.sym \
  --cmf=dist/default/production\pic-conveyor.X.production.cmf -z -Q18F4550 \
  -oC:\Users\samue\AppData\Local\Temp\xcAsqak.0\driver_tmp_3.o \
  --defsym=__MPLAB_BUILD=1 --fixupoverflow=error \
  -Mdist/default/production/pic-conveyor.X.production.map \
  --md=C:\Users\samue\AppData\Local\Temp\xcAsqak.0\driver_tmp_0.dat -E1 \
  -ver=XC8 Compiler -ACODE=00h-07FFFh -ACONST=00h-07FFFh \
  -ASMALLCONST=0800h-08FFhx120 -AMEDIUMCONST=0800h-07FFFh -ACOMRAM=01h-05Fh \
  -AABS1=00h-07FFh -ABIGRAM=01h-07FFh -ARAM=060h-0FFh,0100h-01FFhx7 \
  -ABANK0=060h-0FFh -ABANK1=0100h-01FFh -ABANK2=0200h-02FFh \
  -ABANK3=0300h-03FFh -ABANK4=0400h-04FFh -ABANK5=0500h-05FFh \
  -ABANK6=0600h-06FFh -ABANK7=0700h-07FFh -ASFR=0F60h-0FFFh \
  -ABIGSFR=0F60h-0FFFh -ACONFIG=0300000h-030000Dh -AIDLOC=0200000h-0200007h \
  -AEEDATA=0F00000h-0F000FFh -peeprom_data=EEDATA \
  -preset_vec=00h,intcode=8h,intcodelo=18h,sivt_lo,sivt_hi=CODE \
  -ppowerup=CODE,init -pramtop=0800h -psmallconst=SMALLCONST \
  -pmediumconst=MEDIUMCONST -pconst=CONST -AFARRAM=00h-00h \
  -prdata=COMRAM,nvrram=COMRAM,nvbit=COMRAM,rbss=COMRAM,rbit=COMRAM \
  -pfarbss=FARRAM,fardata=FARRAM,nvFARRAM=FARRAM \
  -pintsave_regs=BIGRAM,bigbss=BIGRAM,bigdata=BIGRAM -pbss=RAM \
  -pidata=CODE,irdata=CODE,ibigdata=CODE,ifardata=CODE -prparam=COMRAM \
  C:\Users\samue\AppData\Local\Temp\xcAsqak.0\driver_tmp_9.o \
  dist/default/production\pic-conveyor.X.production.o 

Object code version is 3.11

Machine type is 18F4550



                Name                               Link     Load   Length Selector   Space Scale
C:\Users\samue\AppData\Local\Temp\xcAsqak.0\driver_tmp_9.o
                config                           300000   300000        8        0       4
                init                                  E        E        4        4       0
                reset_vec                             0        0        4        0       0
dist/default/production\pic-conveyor.X.production.o
                intcode                               8        8        6        4       0
                config                           300000   300000        8        0       4
                mediumconst                        7E5A     7E5A      1A6     3F2D       0
                text45                             1F60     1F60       16        4       0
                text44                             1E36     1E36       36        4       0
                text43                             1FB2     1FB2       14        4       0
                text42                             14C2     14C2       C0        4       0
                text41                             16EC     16EC       AE        4       0
                text40                             1B2A     1B2A       72        4       0
                text39                              D58      D58      1E2        4       0
                text38                             1AB8     1AB8       72        4       0
                text37                              AF0      AF0      268        4       0
                text36                             1FF4     1FF4        E        4       0
                text35                             1C08     1C08       6C        4       0
                text34                             1CD6     1CD6       62        4       0
                text33                             1F4A     1F4A       16        4       0
                text32                             1F34     1F34       16        4       0
                text31                             11F4     11F4      13C        4       0
                text30                             200E     200E        6        4       0
                text29                             183E     183E       A4        4       0
                intcode_body                        630      630      4C0        4       0
                text27                             1FD6     1FD6       10        4       0
                text26                             1E6C     1E6C       30        4       0
                text25                             1FE6     1FE6        E        4       0
                text24                             1B9C     1B9C       6C        4       0
                text23                             1C74     1C74       62        4       0
                text22                             1400     1400       C2        4       0
                text21                             163E     163E       AE        4       0
                text20                             109E     109E      156        4       0
                text19                             1960     1960       74        4       0
                text18                             1582     1582       BC        4       0
                text17                             1A46     1A46       72        4       0
                text16                             1F1E     1F1E       16        4       0
                text15                             1F08     1F08       16        4       0
                text14                             1F9E     1F9E       14        4       0
                text13                             1E9C     1E9C       2C        4       0
                text12                             1F8A     1F8A       14        4       0
                text11                             1330     1330       D0        4       0
                text10                             1F76     1F76       14        4       0
                text9                              1FC6     1FC6       10        4       0
                text8                               F3A      F3A      164        4       0
                text7                              1D38     1D38       60        4       0
                text6                              2008     2008        6        4       0
                text5                              19D4     19D4       72        4       0
                text4                              1DF2     1DF2       44        4       0
                text3                              1EEA     1EEA       1E        4       0
                text2                              18E2     18E2       7E        4       0
                text1                              179A     179A       A4        4       0
                text0                                12       12      61E        4       0
                cstackCOMRAM                          2        2       20        2       1
                cstackBANK0                          82       82        F       60       1
                dataBANK0                            60       60       22       60       1
                dataCOMRAM                           40       40        6        2       1
                bssCOMRAM                            22       22       1E        2       1
                cinit                              1D98     1D98       5A        4       0
                idataBANK0                         1EC8     1EC8       22        4       0
                idataCOMRAM                        2002     2002        6        4       0

TOTAL           Name                               Link     Load   Length     Space
        CLASS   CODE           
                intcode                               8        8        6         0
                init                                  E        E        4         0
                reset_vec                             0        0        4         0
                text45                             1F60     1F60       16         0
                text44                             1E36     1E36       36         0
                text43                             1FB2     1FB2       14         0
                text42                             14C2     14C2       C0         0
                text41                             16EC     16EC       AE         0
                text40                             1B2A     1B2A       72         0
                text39                              D58      D58      1E2         0
                text38                             1AB8     1AB8       72         0
                text37                              AF0      AF0      268         0
                text36                             1FF4     1FF4        E         0
                text35                             1C08     1C08       6C         0
                text34                             1CD6     1CD6       62         0
                text33                             1F4A     1F4A       16         0
                text32                             1F34     1F34       16         0
                text31                             11F4     11F4      13C         0
                text30                             200E     200E        6         0
                text29                             183E     183E       A4         0
                intcode_body                        630      630      4C0         0
                text27                             1FD6     1FD6       10         0
                text26                             1E6C     1E6C       30         0
                text25                             1FE6     1FE6        E         0
                text24                             1B9C     1B9C       6C         0
                text23                             1C74     1C74       62         0
                text22                             1400     1400       C2         0
                text21                             163E     163E       AE         0
                text20                             109E     109E      156         0
                text19                             1960     1960       74         0
                text18                             1582     1582       BC         0
                text17                             1A46     1A46       72         0
                text16                             1F1E     1F1E       16         0
                text15                             1F08     1F08       16         0
                text14                             1F9E     1F9E       14         0
                text13                             1E9C     1E9C       2C         0
                text12                             1F8A     1F8A       14         0
                text11                             1330     1330       D0         0
                text10                             1F76     1F76       14         0
                text9                              1FC6     1FC6       10         0
                text8                               F3A      F3A      164         0
                text7                              1D38     1D38       60         0
                text6                              2008     2008        6         0
                text5                              19D4     19D4       72         0
                text4                              1DF2     1DF2       44         0
                text3                              1EEA     1EEA       1E         0
                text2                              18E2     18E2       7E         0
                text1                              179A     179A       A4         0
                text0                                12       12      61E         0
                cinit                              1D98     1D98       5A         0
                idataBANK0                         1EC8     1EC8       22         0
                idataCOMRAM                        2002     2002        6         0

        CLASS   CONST          

        CLASS   SMALLCONST     

        CLASS   MEDIUMCONST    
                mediumconst                        7E5A     7E5A      1A6         0

        CLASS   COMRAM         
                cstackCOMRAM                          2        2       20         1
                dataCOMRAM                           40       40        6         1
                bssCOMRAM                            22       22       1E         1

        CLASS   ABS1           
                abs_s1                                1        1        1         1

        CLASS   BIGRAM         

        CLASS   RAM            

        CLASS   BANK0          
                cstackBANK0                          82       82        F         1
                dataBANK0                            60       60       22         1

        CLASS   BANK1          

        CLASS   BANK2          

        CLASS   BANK3          

        CLASS   BANK4          

        CLASS   BANK5          

        CLASS   BANK6          

        CLASS   BANK7          

        CLASS   SFR            

        CLASS   BIGSFR         

        CLASS   CONFIG         
                config                           300000   300000        8         4

        CLASS   IDLOC          

        CLASS   EEDATA         

        CLASS   FARRAM         

        CLASS   HEAP           

        CLASS   STACK          



SEGMENTS        Name                           Load    Length   Top    Selector   Space  Class

                reset_vec                      000000  000004  000004         0       0  CODE    
                cstackCOMRAM                   000002  000044  000046         2       1  COMRAM  
                intcode                        000008  00200C  002014         4       0  CODE    
                dataBANK0                      000060  000031  000091        60       1  BANK0   
                mediumconst                    007E5A  0001A6  008000      3F2D       0  MEDIUMCO


UNUSED ADDRESS RANGES

        Name                Unused          Largest block    Delta
        BANK0            000091-0000FF               6F
        BANK1            000100-0001FF              100
        BANK2            000200-0002FF              100
        BANK3            000300-0003FF              100
        BANK4            000400-0004FF              100
        BANK5            000500-0005FF              100
        BANK6            000600-0006FF              100
        BANK7            000700-0007FF              100
        BIGRAM           000046-00005F               1A
                         000091-0007FF              76F
        BIGSFR           000F60-000FFF               A0
        CODE             000004-000007                4
                         002014-007E59             5E46
        COMRAM           000046-00005F               1A
        CONFIG           300008-30000D                6
        CONST            000004-000007                4
                         002014-007E59             5E46
        EEDATA           F00000-F000FF              100
        IDLOC            200000-200007                8
        MEDIUMCONST      002014-007E59             5E46
        RAM              000091-0007FF              100
        SFR              000F60-000FFF               A0
        SMALLCONST       002014-007E59              100

                                  Symbol Table

?___awdiv                 cstackBANK0  000082
?___awmod                 cstackCOMRAM 00001C
?___lwdiv                 cstackCOMRAM 00001C
?i2___awdiv               cstackCOMRAM 000008
?i2___awmod               cstackCOMRAM 000002
?i2___lwdiv               cstackCOMRAM 000002
ConfiguraLCD@a            cstackCOMRAM 00001C
CrearCaracter@data        cstackCOMRAM 000020
CrearCaracter@i           cstackBANK0  000085
CrearCaracter@pos         cstackBANK0  000084
DireccionaLCD@a           cstackCOMRAM 000020
EEPROM_Read@addr          cstackCOMRAM 00001C
EEPROM_Write@addr         cstackCOMRAM 00001D
EEPROM_Write@data         cstackCOMRAM 00001C
EnviaDato@a               cstackCOMRAM 00001F
EnviarCadena@texto        cstackCOMRAM 000011
EscribeLCD_c@a            cstackCOMRAM 000020
EscribeLCD_n8@a           cstackBANK0  00008E
EscribeLCD_n8@b           cstackBANK0  00008A
EscribeLCD_n8@centena     cstackBANK0  00008B
EscribeLCD_n8@decena      cstackBANK0  00008C
EscribeLCD_n8@unidad      cstackBANK0  00008D
MensajeLCD_Var@a          cstackBANK0  000082
ProcesarOrden@orden       cstackCOMRAM 000013
RetardoLCD@a              cstackCOMRAM 00001D
Transmitir@BufferT        cstackCOMRAM 000010
_ADCON0                   (abs)        000FC2
_ADCON1                   (abs)        000FC1
_ADCON2                   (abs)        000FC0
_ADC_M                    mediumconst  007E7F
_ADRESH                   (abs)        000FC4
_BAUDCON                  (abs)        000FB8
_BorraLCD                 text12       001F8A
_CCP1CON                  (abs)        000FBD
_CCP2CON                  (abs)        000FBA
_CCP2IE                   (abs)        007D00
_CCP2IF                   (abs)        007D08
_CCPR1L                   (abs)        000FBE
_CCPR2                    (abs)        000FBB
_ConfiguraLCD             text13       001E9C
_CrearCaracter            text17       001A46
_DireccionaLCD            text16       001F1E
_Done                     dataBANK0    000060
_EEADR                    (abs)        000FA9
_EECON1bits               (abs)        000FA6
_EECON2                   (abs)        000FA7
_EEDATA                   (abs)        000FA8
_EEPROM_Read              text27       001FD6
_EEPROM_Write             text26       001E6C
_EnviaDato                text23       001C74
_EnviarCadena             text44       001E36
_EscribeLCD_c             text15       001F08
_EscribeLCD_n8            text20       00109E
_GIE                      (abs)        007F97
_GO                       (abs)        007E11
_HabilitaLCD              text25       001FE6
_INTCONbits               (abs)        000FF2
_ISR                      intcode      000008
_InicializaLCD            text11       001330
_LATA                     (abs)        000F89
_LATA1                    (abs)        007C49
_LATA2                    (abs)        007C4A
_LATA3                    (abs)        007C4B
_LATA4                    (abs)        007C4C
_LATA5                    (abs)        007C4D
_LATB                     (abs)        000F8A
_LATC                     (abs)        000F8B
_LATD                     (abs)        000F8C
_LATE                     (abs)        000F8D
_LeerYtransmitir          text39       000D58
_MedirDistancia           text18       001582
_MensajeLCD_Var           text7        001D38
_MostrarCursorLCD         text14       001F9E
_OcultarCursorLCD         text10       001F76
_PEIE                     (abs)        007F96
_POR                      (abs)        007E81
_PORTB                    (abs)        000F81
_PR2                      (abs)        000FCB
_PWM_Duty                 dataCOMRAM   000042
_PWM_Duty_por             bssCOMRAM    000029
_ProcesarOrden            text37       000AF0
_RB4                      (abs)        007C0C
_RB5                      (abs)        007C0D
_RB6                      (abs)        007C0E
_RB7                      (abs)        007C0F
_RBIE                     (abs)        007F93
_RBIF                     (abs)        007F90
_RBPU                     (abs)        007F8F
_RC0                      (abs)        007C10
_RC1                      (abs)        007C11
_RCIE                     (abs)        007CED
_RCIF                     (abs)        007CF5
_RCREG                    (abs)        000FAE
_RCSTA                    (abs)        000FAB
_RI                       (abs)        007E84
_RetardoLCD               text24       001B9C
_SENSORO_M                mediumconst  007E6E
_SENSOR_M                 mediumconst  007E5B
_SPBRG                    (abs)        000FAF
_T0CON                    (abs)        000FD5
_T1CON                    (abs)        000FCD
_T2CON                    (abs)        000FCA
_TMR0                     (abs)        000FD6
_TMR0IE                   (abs)        007F95
_TMR0IF                   (abs)        007F92
_TMR0ON                   (abs)        007EAF
_TMR1                     (abs)        000FCE
_TMR1IF                   (abs)        007CF0
_TMR1ON                   (abs)        007E68
_TMR2                     (abs)        000FCC
_TMR2ON                   (abs)        007E52
_TRISA                    (abs)        000F92
_TRISB                    (abs)        000F93
_TRISC                    (abs)        000F94
_TRISD                    (abs)        000F95
_TRISE                    (abs)        000F96
_TRMT                     (abs)        007D61
_TXREG                    (abs)        000FAD
_TXSTA                    (abs)        000FAC
_Transmitir               text45       001F60
__HRAM                    (abs)        000000
__H__absolute__           __absolute__ 000000
__Habs1                   abs1         000000
__Hbank0                  bank0        000000
__Hbank1                  bank1        000000
__Hbank2                  bank2        000000
__Hbank3                  bank3        000000
__Hbank4                  bank4        000000
__Hbank5                  bank5        000000
__Hbank6                  bank6        000000
__Hbank7                  bank7        000000
__Hbigbss                 bigbss       000000
__Hbigdata                bigdata      000000
__Hbigram                 bigram       000000
__Hbigsfr                 bigsfr       000000
__Hbss                    bss          000000
__HbssCOMRAM              bssCOMRAM    000000
__Hcinit                  cinit        000000
__Hclrtext                clrtext      000000
__Hcomram                 comram       000000
__Hconfig                 config       300008
__Hconst                  const        000000
__HcstackBANK0            cstackBANK0  000000
__HcstackCOMRAM           cstackCOMRAM 000000
__Hdata                   data         000000
__HdataBANK0              dataBANK0    000000
__HdataCOMRAM             dataCOMRAM   000000
__Heeprom_data            eeprom_data  000000
__Hfarbss                 farbss       000000
__Hfardata                fardata      000000
__Hheap                   heap         000000
__Hibigdata               ibigdata     000000
__Hidata                  idata        000000
__HidataBANK0             idataBANK0   000000
__HidataCOMRAM            idataCOMRAM  000000
__Hidloc                  idloc        000000
__Hifardata               ifardata     000000
__Hinit                   init         000012
__Hintcode                intcode      00000E
__Hintcode_body           intcode_body 000000
__Hintcodelo              intcodelo    000018
__Hintentry               intentry     000000
__Hintret                 intret       000000
__Hintsave_regs           intsave_regs 000000
__Hirdata                 irdata       000000
__Hmediumconst            mediumconst  008000
__HnvFARRAM               nvFARRAM     000000
__Hnvbit                  nvbit        000000
__Hnvrram                 nvrram       000000
__Hparam                  rparam       000000
__Hpowerup                powerup      000000
__Hram                    ram          000000
__Hramtop                 ramtop       000800
__Hrbit                   rbit         000000
__Hrbss                   rbss         000000
__Hrdata                  rdata        000000
__Hreset_vec              reset_vec    000004
__Hrparam                 rparam       000000
__Hsfr                    sfr          000000
__Hsivt_hi                sivt_hi      000000
__Hsivt_lo                sivt_lo      000018
__Hsmallconst             smallconst   000000
__Hspace_0                (abs)        008000
__Hspace_1                (abs)        000091
__Hspace_2                (abs)        000000
__Hspace_4                (abs)        600008
__Hstack                  stack        000000
__Hstruct                 struct       000000
__Htemp                   temp         000000
__Htext                   text         000000
__Htext0                  text0        000000
__Htext1                  text1        000000
__Htext10                 text10       000000
__Htext11                 text11       000000
__Htext12                 text12       000000
__Htext13                 text13       000000
__Htext14                 text14       000000
__Htext15                 text15       000000
__Htext16                 text16       000000
__Htext17                 text17       000000
__Htext18                 text18       000000
__Htext19                 text19       000000
__Htext2                  text2        000000
__Htext20                 text20       000000
__Htext21                 text21       000000
__Htext22                 text22       000000
__Htext23                 text23       000000
__Htext24                 text24       000000
__Htext25                 text25       000000
__Htext26                 text26       000000
__Htext27                 text27       000000
__Htext29                 text29       000000
__Htext3                  text3        000000
__Htext30                 text30       000000
__Htext31                 text31       000000
__Htext32                 text32       000000
__Htext33                 text33       000000
__Htext34                 text34       000000
__Htext35                 text35       000000
__Htext36                 text36       000000
__Htext37                 text37       000000
__Htext38                 text38       000000
__Htext39                 text39       000000
__Htext4                  text4        000000
__Htext40                 text40       000000
__Htext41                 text41       000000
__Htext42                 text42       000000
__Htext43                 text43       000000
__Htext44                 text44       000000
__Htext45                 text45       000000
__Htext5                  text5        000000
__Htext6                  text6        000000
__Htext7                  text7        000000
__Htext8                  text8        000000
__Htext9                  text9        000000
__LRAM                    (abs)        000001
__L__absolute__           __absolute__ 000000
__Labs1                   abs1         000000
__Lbank0                  bank0        000000
__Lbank1                  bank1        000000
__Lbank2                  bank2        000000
__Lbank3                  bank3        000000
__Lbank4                  bank4        000000
__Lbank5                  bank5        000000
__Lbank6                  bank6        000000
__Lbank7                  bank7        000000
__Lbigbss                 bigbss       000000
__Lbigdata                bigdata      000000
__Lbigram                 bigram       000000
__Lbigsfr                 bigsfr       000000
__Lbss                    bss          000000
__LbssCOMRAM              bssCOMRAM    000000
__Lcinit                  cinit        000000
__Lclrtext                clrtext      000000
__Lcomram                 comram       000000
__Lconfig                 config       000000
__Lconst                  const        000000
__LcstackBANK0            cstackBANK0  000000
__LcstackCOMRAM           cstackCOMRAM 000000
__Ldata                   data         000000
__LdataBANK0              dataBANK0    000000
__LdataCOMRAM             dataCOMRAM   000000
__Leeprom_data            eeprom_data  000000
__Lfarbss                 farbss       000000
__Lfardata                fardata      000000
__Lheap                   heap         000000
__Libigdata               ibigdata     000000
__Lidata                  idata        000000
__LidataBANK0             idataBANK0   000000
__LidataCOMRAM            idataCOMRAM  000000
__Lidloc                  idloc        000000
__Lifardata               ifardata     000000
__Linit                   init         00000E
__Lintcode                intcode      000008
__Lintcode_body           intcode_body 000000
__Lintcodelo              intcodelo    000018
__Lintentry               intentry     000000
__Lintret                 intret       000000
__Lintsave_regs           intsave_regs 000000
__Lirdata                 irdata       000000
__Lmediumconst            mediumconst  007E5A
__LnvFARRAM               nvFARRAM     000000
__Lnvbit                  nvbit        000000
__Lnvrram                 nvrram       000000
__Lparam                  rparam       000000
__Lpowerup                powerup      000000
__Lram                    ram          000000
__Lramtop                 ramtop       000800
__Lrbit                   rbit         000000
__Lrbss                   rbss         000000
__Lrdata                  rdata        000000
__Lreset_vec              reset_vec    000000
__Lrparam                 rparam       000000
__Lsfr                    sfr          000000
__Lsivt_hi                sivt_hi      000000
__Lsivt_lo                sivt_lo      000018
__Lsmallconst             smallconst   000000
__Lspace_0                (abs)        000000
__Lspace_1                (abs)        000000
__Lspace_2                (abs)        000000
__Lspace_4                (abs)        000000
__Lstack                  stack        000000
__Lstruct                 struct       000000
__Ltemp                   temp         000000
__Ltext                   text         000000
__Ltext0                  text0        000000
__Ltext1                  text1        000000
__Ltext10                 text10       000000
__Ltext11                 text11       000000
__Ltext12                 text12       000000
__Ltext13                 text13       000000
__Ltext14                 text14       000000
__Ltext15                 text15       000000
__Ltext16                 text16       000000
__Ltext17                 text17       000000
__Ltext18                 text18       000000
__Ltext19                 text19       000000
__Ltext2                  text2        000000
__Ltext20                 text20       000000
__Ltext21                 text21       000000
__Ltext22                 text22       000000
__Ltext23                 text23       000000
__Ltext24                 text24       000000
__Ltext25                 text25       000000
__Ltext26                 text26       000000
__Ltext27                 text27       000000
__Ltext29                 text29       000000
__Ltext3                  text3        000000
__Ltext30                 text30       000000
__Ltext31                 text31       000000
__Ltext32                 text32       000000
__Ltext33                 text33       000000
__Ltext34                 text34       000000
__Ltext35                 text35       000000
__Ltext36                 text36       000000
__Ltext37                 text37       000000
__Ltext38                 text38       000000
__Ltext39                 text39       000000
__Ltext4                  text4        000000
__Ltext40                 text40       000000
__Ltext41                 text41       000000
__Ltext42                 text42       000000
__Ltext43                 text43       000000
__Ltext44                 text44       000000
__Ltext45                 text45       000000
__Ltext5                  text5        000000
__Ltext6                  text6        000000
__Ltext7                  text7        000000
__Ltext8                  text8        000000
__Ltext9                  text9        000000
__S0                      (abs)        008000
__S1                      (abs)        000091
__S4                      (abs)        000000
__S5                      (abs)        000000
___awdiv                  text22       001400
___awdiv@counter          cstackBANK0  000086
___awdiv@dividend         cstackBANK0  000082
___awdiv@divisor          cstackBANK0  000084
___awdiv@quotient         cstackBANK0  000088
___awdiv@sign             cstackBANK0  000087
___awmod                  text21       00163E
___awmod@counter          cstackCOMRAM 000020
___awmod@dividend         cstackCOMRAM 00001C
___awmod@divisor          cstackCOMRAM 00001E
___awmod@sign             cstackCOMRAM 000021
___heap_hi                (abs)        000000
___heap_lo                (abs)        000000
___inthi_sp               stack        000000
___inthi_stack_hi         stack        000000
___inthi_stack_lo         stack        000000
___intlo_sp               stack        000000
___intlo_stack_hi         stack        000000
___intlo_stack_lo         stack        000000
___lwdiv                  text19       001960
___lwdiv@counter          cstackBANK0  000082
___lwdiv@dividend         cstackCOMRAM 00001C
___lwdiv@divisor          cstackCOMRAM 00001E
___lwdiv@quotient         cstackBANK0  000083
___param_bank             (abs)        000000
___rparam_used            (abs)        000001
___sp                     stack        000000
___stack_hi               stack        000000
___stack_lo               stack        000000
__accesstop               (abs)        000060
__activetblptr            (abs)        000002
__end_of_ADC_M            mediumconst  007E8E
__end_of_BorraLCD         text12       001F9E
__end_of_ConfiguraLCD     text13       001EC8
__end_of_CrearCaracter    text17       001AB8
__end_of_DireccionaLCD    text16       001F34
__end_of_EEPROM_Read      text27       001FE6
__end_of_EEPROM_Write     text26       001E9C
__end_of_EnviaDato        text23       001CD6
__end_of_EnviarCadena     text44       001E6C
__end_of_EscribeLCD_c     text15       001F1E
__end_of_EscribeLCD_n8    text20       0011F4
__end_of_HabilitaLCD      text25       001FF4
__end_of_ISR              intcode_body 000AF0
__end_of_InicializaLCD    text11       001400
__end_of_LeerYtransmitir  text39       000F3A
__end_of_MedirDistancia   text18       00163E
__end_of_MensajeLCD_Var   text7        001D98
__end_of_MostrarCursorLCD text14       001FB2
__end_of_OcultarCursorLCD text10       001F8A
__end_of_ProcesarOrden    text37       000D58
__end_of_RetardoLCD       text24       001C08
__end_of_SENSORO_M        mediumconst  007E7F
__end_of_SENSOR_M         mediumconst  007E6E
__end_of_Transmitir       text45       001F76
__end_of___awdiv          text22       0014C2
__end_of___awmod          text21       0016EC
__end_of___lwdiv          text19       0019D4
__end_of__initialization  cinit        001DE4
__end_of_banda_centro     mediumconst  007E96
__end_of_banda_der        mediumconst  007E9E
__end_of_banda_izq        mediumconst  007EA6
__end_of_bienvenida       text8        00109E
__end_of_colorRGB         text6        00200E
__end_of_conversion       text43       001FC6
__end_of_emergencia       text4        001E36
__end_of_initInterrupts   text3        001F08
__end_of_initLCD          text9        001FD6
__end_of_initPorts        text2        001960
__end_of_main             text0        000630
__end_of_mostrarNumeros   text1        00183E
__end_of_valuePWM         text5        001A46
__end_ofi2_DireccionaLCD  text33       001F60
__end_ofi2_EnviaDato      text34       001D38
__end_ofi2_EscribeLCD_c   text32       001F4A
__end_ofi2_EscribeLCD_n8  text31       001330
__end_ofi2_HabilitaLCD    text36       002002
__end_ofi2_RetardoLCD     text35       001C74
__end_ofi2___awdiv        text42       001582
__end_ofi2___awmod        text41       00179A
__end_ofi2___lwdiv        text40       001B9C
__end_ofi2_colorRGB       text30       002014
__end_ofi2_mostrarNumeros text29       0018E2
__end_ofi2_valuePWM       text38       001B2A
__initialization          cinit        001D98
__mediumconst             mediumconst  007E5A
__pbssCOMRAM              bssCOMRAM    000022
__pcinit                  cinit        001D98
__pcstackBANK0            cstackBANK0  000082
__pcstackCOMRAM           cstackCOMRAM 000002
__pdataBANK0              dataBANK0    000060
__pdataCOMRAM             dataCOMRAM   000040
__pidataBANK0             idataBANK0   001EC8
__pidataCOMRAM            idataCOMRAM  002002
__pintcode                intcode      000008
__pintcode_body           intcode_body 000630
__pmediumconst            mediumconst  007E5A
__ptext0                  text0        000012
__ptext1                  text1        00179A
__ptext10                 text10       001F76
__ptext11                 text11       001330
__ptext12                 text12       001F8A
__ptext13                 text13       001E9C
__ptext14                 text14       001F9E
__ptext15                 text15       001F08
__ptext16                 text16       001F1E
__ptext17                 text17       001A46
__ptext18                 text18       001582
__ptext19                 text19       001960
__ptext2                  text2        0018E2
__ptext20                 text20       00109E
__ptext21                 text21       00163E
__ptext22                 text22       001400
__ptext23                 text23       001C74
__ptext24                 text24       001B9C
__ptext25                 text25       001FE6
__ptext26                 text26       001E6C
__ptext27                 text27       001FD6
__ptext29                 text29       00183E
__ptext3                  text3        001EEA
__ptext30                 text30       00200E
__ptext31                 text31       0011F4
__ptext32                 text32       001F34
__ptext33                 text33       001F4A
__ptext34                 text34       001CD6
__ptext35                 text35       001C08
__ptext36                 text36       001FF4
__ptext37                 text37       000AF0
__ptext38                 text38       001AB8
__ptext39                 text39       000D58
__ptext4                  text4        001DF2
__ptext40                 text40       001B2A
__ptext41                 text41       0016EC
__ptext42                 text42       0014C2
__ptext43                 text43       001FB2
__ptext44                 text44       001E36
__ptext45                 text45       001F60
__ptext5                  text5        0019D4
__ptext6                  text6        002008
__ptext7                  text7        001D38
__ptext8                  text8        000F3A
__ptext9                  text9        001FC6
__ramtop                  ramtop       000800
__smallconst              mediumconst  007E5A
_ask                      bssCOMRAM    00003B
_banda_centro             mediumconst  007E8E
_banda_der                mediumconst  007E96
_banda_izq                mediumconst  007E9E
_bienvenida               text8        000F3A
_block                    bssCOMRAM    00003D
_colorRGB                 text6        002008
_comando                  bssCOMRAM    00002C
_conversion               text43       001FB2
_conversionadc            bssCOMRAM    00002F
_count                    bssCOMRAM    000037
_countGuardado            bssCOMRAM    000024
_counter                  bssCOMRAM    000036
_ctimeout                 bssCOMRAM    000027
_curr                     bssCOMRAM    000034
_d                        dataCOMRAM   000041
_distancia                bssCOMRAM    000028
_emergencia               text4        001DF2
_emergency                bssCOMRAM    000031
_estado                   dataCOMRAM   000044
_etimeout                 dataCOMRAM   000040
_i                        bssCOMRAM    000026
_inactive                 bssCOMRAM    000032
_initInterrupts           text3        001EEA
_initLCD                  text9        001FC6
_initPorts                text2        0018E2
_input                    bssCOMRAM    00003E
_interfaz                 dataCOMRAM   000045
_last                     bssCOMRAM    000035
_lastAdc                  bssCOMRAM    00002E
_main                     text0        000012
_medioSegundo             bssCOMRAM    000030
_missing                  bssCOMRAM    000038
_missingGuardado          bssCOMRAM    000023
_mostrarNumeros           text1        00179A
_motor_on                 bssCOMRAM    00002B
_objective                bssCOMRAM    000039
_objectiveGuardado        bssCOMRAM    000022
_ok                       bssCOMRAM    00003C
_porcentajePWM            bssCOMRAM    00002A
_pressed                  bssCOMRAM    000033
_rgb_color                dataCOMRAM   000043
_rst                      bssCOMRAM    00003A
_sum                      bssCOMRAM    000025
_tecla                    bssCOMRAM    00003F
_toCount                  dataBANK0    000071
_valuePWM                 text5        0019D4
_welcome                  bssCOMRAM    00002D
bienvenida@i              cstackBANK0  000087
bienvenida@left           cstackBANK0  000088
bienvenida@right          cstackBANK0  000089
btemp                     (abs)        000001
btemp0                    (abs)        000001
btemp1                    (abs)        000002
end_of_initialization     cinit        001DE4
i2DireccionaLCD@a         cstackCOMRAM 000006
i2EnviaDato@a             cstackCOMRAM 000005
i2EscribeLCD_c@a          cstackCOMRAM 000006
i2EscribeLCD_n8@a         cstackCOMRAM 000014
i2EscribeLCD_n8@b         cstackCOMRAM 000010
i2EscribeLCD_n8@centena   cstackCOMRAM 000011
i2EscribeLCD_n8@decena    cstackCOMRAM 000012
i2EscribeLCD_n8@unidad    cstackCOMRAM 000013
i2RetardoLCD@a            cstackCOMRAM 000003
i2_DireccionaLCD          text33       001F4A
i2_EnviaDato              text34       001CD6
i2_EscribeLCD_c           text32       001F34
i2_EscribeLCD_n8          text31       0011F4
i2_HabilitaLCD            text36       001FF4
i2_RetardoLCD             text35       001C08
i2___awdiv                text42       0014C2
i2___awdiv@counter        cstackCOMRAM 00000C
i2___awdiv@dividend       cstackCOMRAM 000008
i2___awdiv@divisor        cstackCOMRAM 00000A
i2___awdiv@quotient       cstackCOMRAM 00000E
i2___awdiv@sign           cstackCOMRAM 00000D
i2___awmod                text41       0016EC
i2___awmod@counter        cstackCOMRAM 000006
i2___awmod@dividend       cstackCOMRAM 000002
i2___awmod@divisor        cstackCOMRAM 000004
i2___awmod@sign           cstackCOMRAM 000007
i2___lwdiv                text40       001B2A
i2___lwdiv@counter        cstackCOMRAM 000008
i2___lwdiv@dividend       cstackCOMRAM 000002
i2___lwdiv@divisor        cstackCOMRAM 000004
i2___lwdiv@quotient       cstackCOMRAM 000006
i2_colorRGB               text30       00200E
i2_mostrarNumeros         text29       00183E
i2_valuePWM               text38       001AB8
i2valuePWM@valorPWM       cstackCOMRAM 000002
int$flags                 (abs)        000001
int_func                  intcode_body 000630
intlevel0                 text         000000
intlevel1                 text         000000
intlevel2                 text         000000
intlevel3                 text         000000
isa$std                   (abs)        000001
isa$xinst                 (abs)        000000
stackhi                   (abs)        000000
stacklo                   (abs)        000000
start                     init         00000E
start_initialization      cinit        001D98
valuePWM@valorPWM         cstackCOMRAM 00001C


MODULE INFORMATION

Module		Function		Class		Link	Load	Size
C:\Program Files\Microchip\xc8\v3.10\pic\sources\c99\common\awmod.c
		___awmod       		CODE           	163E	0000	174

C:\Program Files\Microchip\xc8\v3.10\pic\sources\c99\common\awmod.c estimated size: 174

./LibLCDXC8.h
		_DireccionaLCD 		CODE           	1F1E	0000	22
		_InicializaLCD 		CODE           	1330	0000	208
		_EnviaDato     		CODE           	1C74	0000	98
		_MostrarCursorLCD		CODE           	1F9E	0000	20
		_CrearCaracter 		CODE           	1A46	0000	114
		_MensajeLCD_Var		CODE           	1D38	0000	96
		_EscribeLCD_c  		CODE           	1F08	0000	22
		_HabilitaLCD   		CODE           	1FE6	0000	14
		_EscribeLCD_n8 		CODE           	109E	0000	342
		_ConfiguraLCD  		CODE           	1E9C	0000	44
		_BorraLCD      		CODE           	1F8A	0000	20
		_RetardoLCD    		CODE           	1B9C	0000	108
		_OcultarCursorLCD		CODE           	1F76	0000	20

./LibLCDXC8.h estimated size: 1128

C:\Program Files\Microchip\xc8\v3.10\pic\sources\c99\common\lwdiv.c
		___lwdiv       		CODE           	1960	0000	116

C:\Program Files\Microchip\xc8\v3.10\pic\sources\c99\common\lwdiv.c estimated size: 116

C:\Program Files\Microchip\xc8\v3.10\pic\sources\c99\common\awdiv.c
		___awdiv       		CODE           	1400	0000	194

C:\Program Files\Microchip\xc8\v3.10\pic\sources\c99\common\awdiv.c estimated size: 194

shared
		_banda_centro  		MEDIUMCONST    	7E8E	0000	8
		_SENSORO_M     		MEDIUMCONST    	7E6E	0000	17
		_SENSOR_M      		MEDIUMCONST    	7E5B	0000	19
		_banda_izq     		MEDIUMCONST    	7E9E	0000	8
		i2_mostrarNumeros		CODE           	183E	0000	164
		i2___lwdiv     		CODE           	1B2A	0000	114
		i2_EscribeLCD_c		CODE           	1F34	0000	22
		i2_EnviaDato   		CODE           	1CD6	0000	98
		i2___awdiv     		CODE           	14C2	0000	192
		i2_valuePWM    		CODE           	1AB8	0000	114
		i2_EscribeLCD_n8		CODE           	11F4	0000	316
		__initialization		CODE           	1D98	0000	76
		i2_DireccionaLCD		CODE           	1F4A	0000	22
		i2_HabilitaLCD 		CODE           	1FF4	0000	14
		_ADC_M         		MEDIUMCONST    	7E7F	0000	15
		i2___awmod     		CODE           	16EC	0000	174
		i2_colorRGB    		CODE           	200E	0000	6
		_banda_der     		MEDIUMCONST    	7E96	0000	8
		i2_RetardoLCD  		CODE           	1C08	0000	108

shared estimated size: 1495

pic-conveyor.c
		_conversion    		CODE           	1FB2	0000	20
		_ISR           		CODE           	0008	0000	1222
		_EEPROM_Read   		CODE           	1FD6	0000	16
		_mostrarNumeros		CODE           	179A	0000	164
		_EEPROM_Write  		CODE           	1E6C	0000	48
		_main          		CODE           	0012	0000	1566
		_EnviarCadena  		CODE           	1E36	0000	54
		_colorRGB      		CODE           	2008	0000	6
		_initPorts     		CODE           	18E2	0000	126
		_LeerYtransmitir		CODE           	0D58	0000	482
		_ProcesarOrden 		CODE           	0AF0	0000	616
		_initInterrupts		CODE           	1EEA	0000	30
		_Transmitir    		CODE           	1F60	0000	22
		_emergencia    		CODE           	1DF2	0000	68
		_valuePWM      		CODE           	19D4	0000	114
		_MedirDistancia		CODE           	1582	0000	188
		_bienvenida    		CODE           	0F3A	0000	356
		_initLCD       		CODE           	1FC6	0000	16

pic-conveyor.c estimated size: 5114

